###############################################################################
#                                                                             #
# IAR ELF Linker V6.50.3.4676/W32 for ARM               03/Aug/2015  16:04:49 #
# Copyright 2007-2013 IAR Systems AB.                                         #
#                                                                             #
#    Output file  =  D:\REPOSITORY\GIT\mysniperlocator\Led_locator\Led_indica #
#                    tor\EWARM\Led_indicator Configuration\Exe\Led_indicator  #
#                    Configuration.out                                        #
#    Map file     =  D:\REPOSITORY\GIT\mysniperlocator\Led_locator\Led_indica #
#                    tor\EWARM\Led_indicator Configuration/List\Led_indicator #
#                     Configuration.map                                       #
#    Command line =  "D:\REPOSITORY\GIT\mysniperlocator\Led_locator\Led_indic #
#                    ator\EWARM\Led_indicator Configuration\Obj\main.o"       #
#                    "D:\REPOSITORY\GIT\mysniperlocator\Led_locator\Led_indic #
#                    ator\EWARM\Led_indicator Configuration\Obj\startup_stm32 #
#                    f407xx.o" "D:\REPOSITORY\GIT\mysniperlocator\Led_locator #
#                    \Led_indicator\EWARM\Led_indicator                       #
#                    Configuration\Obj\stm32f4xx_hal.o"                       #
#                    "D:\REPOSITORY\GIT\mysniperlocator\Led_locator\Led_indic #
#                    ator\EWARM\Led_indicator Configuration\Obj\stm32f4xx_hal #
#                    _cortex.o" "D:\REPOSITORY\GIT\mysniperlocator\Led_locato #
#                    r\Led_indicator\EWARM\Led_indicator                      #
#                    Configuration\Obj\stm32f4xx_hal_dma.o"                   #
#                    "D:\REPOSITORY\GIT\mysniperlocator\Led_locator\Led_indic #
#                    ator\EWARM\Led_indicator Configuration\Obj\stm32f4xx_hal #
#                    _dma_ex.o" "D:\REPOSITORY\GIT\mysniperlocator\Led_locato #
#                    r\Led_indicator\EWARM\Led_indicator                      #
#                    Configuration\Obj\stm32f4xx_hal_flash.o"                 #
#                    "D:\REPOSITORY\GIT\mysniperlocator\Led_locator\Led_indic #
#                    ator\EWARM\Led_indicator Configuration\Obj\stm32f4xx_hal #
#                    _flash_ex.o" "D:\REPOSITORY\GIT\mysniperlocator\Led_loca #
#                    tor\Led_indicator\EWARM\Led_indicator                    #
#                    Configuration\Obj\stm32f4xx_hal_flash_ramfunc.o"         #
#                    "D:\REPOSITORY\GIT\mysniperlocator\Led_locator\Led_indic #
#                    ator\EWARM\Led_indicator Configuration\Obj\stm32f4xx_hal #
#                    _gpio.o" "D:\REPOSITORY\GIT\mysniperlocator\Led_locator\ #
#                    Led_indicator\EWARM\Led_indicator                        #
#                    Configuration\Obj\stm32f4xx_hal_msp.o"                   #
#                    "D:\REPOSITORY\GIT\mysniperlocator\Led_locator\Led_indic #
#                    ator\EWARM\Led_indicator Configuration\Obj\stm32f4xx_hal #
#                    _pwr.o" "D:\REPOSITORY\GIT\mysniperlocator\Led_locator\L #
#                    ed_indicator\EWARM\Led_indicator                         #
#                    Configuration\Obj\stm32f4xx_hal_pwr_ex.o"                #
#                    "D:\REPOSITORY\GIT\mysniperlocator\Led_locator\Led_indic #
#                    ator\EWARM\Led_indicator Configuration\Obj\stm32f4xx_hal #
#                    _rcc.o" "D:\REPOSITORY\GIT\mysniperlocator\Led_locator\L #
#                    ed_indicator\EWARM\Led_indicator                         #
#                    Configuration\Obj\stm32f4xx_hal_rcc_ex.o"                #
#                    "D:\REPOSITORY\GIT\mysniperlocator\Led_locator\Led_indic #
#                    ator\EWARM\Led_indicator Configuration\Obj\stm32f4xx_hal #
#                    _sd.o" "D:\REPOSITORY\GIT\mysniperlocator\Led_locator\Le #
#                    d_indicator\EWARM\Led_indicator                          #
#                    Configuration\Obj\stm32f4xx_hal_spi.o"                   #
#                    "D:\REPOSITORY\GIT\mysniperlocator\Led_locator\Led_indic #
#                    ator\EWARM\Led_indicator Configuration\Obj\stm32f4xx_hal #
#                    _tim.o" "D:\REPOSITORY\GIT\mysniperlocator\Led_locator\L #
#                    ed_indicator\EWARM\Led_indicator                         #
#                    Configuration\Obj\stm32f4xx_hal_tim_ex.o"                #
#                    "D:\REPOSITORY\GIT\mysniperlocator\Led_locator\Led_indic #
#                    ator\EWARM\Led_indicator Configuration\Obj\stm32f4xx_it. #
#                    o" "D:\REPOSITORY\GIT\mysniperlocator\Led_locator\Led_in #
#                    dicator\EWARM\Led_indicator                              #
#                    Configuration\Obj\stm32f4xx_ll_sdmmc.o"                  #
#                    "D:\REPOSITORY\GIT\mysniperlocator\Led_locator\Led_indic #
#                    ator\EWARM\Led_indicator Configuration\Obj\system_stm32f #
#                    4xx.o" --redirect _Printf=_PrintfFull --redirect         #
#                    _Scanf=_ScanfFull -o "D:\REPOSITORY\GIT\mysniperlocator\ #
#                    Led_locator\Led_indicator\EWARM\Led_indicator            #
#                    Configuration\Exe\Led_indicator Configuration.out"       #
#                    --map "D:\REPOSITORY\GIT\mysniperlocator\Led_locator\Led #
#                    _indicator\EWARM\Led_indicator                           #
#                    Configuration/List\Led_indicator Configuration.map"      #
#                    --config "C:\Program Files (x86)\IAR Systems\Embedded    #
#                    Workbench 7.2\arm\config\linker\ST\stm32f407xG.icf"      #
#                    --semihosting --entry __iar_program_start --vfe          #
#                                                                             #
#                                                                             #
###############################################################################

*******************************************************************************
*** RUNTIME MODEL ATTRIBUTES
***

CppFlavor       = *
__SystemLibrary = DLib


*******************************************************************************
*** PLACEMENT SUMMARY
***

"A1":  place at 0x08000000 { ro section .intvec };
"P1":  place in [from 0x08000000 to 0x080fffff] { ro };
"P2":  place in [from 0x20000000 to 0x2001ffff] { rw, block CSTACK, block HEAP };

  Section            Kind        Address    Size  Object
  -------            ----        -------    ----  ------
"A1":                                      0x188
  .intvec            ro code  0x08000000   0x188  startup_stm32f407xx.o [1]
                            - 0x08000188   0x188

"P1":                                     0x2ae8
  .text              ro code  0x08000188   0x9e4  stm32f4xx_hal_sd.o [1]
  .text              ro code  0x08000b6c   0x17c  stm32f4xx_hal_msp.o [1]
  .text              ro code  0x08000ce8    0x86  ABImemcpy.o [5]
  .text              ro code  0x08000d6e    0x22  zero_init3.o [5]
  .text              ro code  0x08000d90    0x90  stm32f4xx_ll_sdmmc.o [1]
  .text              ro code  0x08000e20    0x94  stm32f4xx_hal.o [1]
  .text              ro code  0x08000eb4   0x146  stm32f4xx_hal_cortex.o [1]
  .text              ro code  0x08000ffc   0x264  stm32f4xx_hal_gpio.o [1]
  .text              ro code  0x08001260   0x720  stm32f4xx_hal_rcc.o [1]
  .text              ro code  0x08001980   0x82c  main.o [1]
  .text              ro code  0x080021ac   0x44e  stm32f4xx_hal_spi.o [1]
  .text              ro code  0x080025fc   0x2e8  stm32f4xx_hal_tim.o [1]
  .text              ro code  0x080028e4    0x5e  stm32f4xx_hal_tim_ex.o [1]
  .text              ro code  0x08002944    0x6c  system_stm32f4xx.o [1]
  .text              ro code  0x080029b0    0x40  stm32f4xx_it.o [1]
  .text              ro code  0x080029f0    0x2c  copy_init3.o [5]
  .text              ro code  0x08002a1c    0x28  data_init.o [5]
  .text              ro code  0x08002a44    0x22  fpinit_M.o [4]
  .iar.init_table    const    0x08002a68    0x24  - Linker created -
  .text              ro code  0x08002a8c    0x1a  cmain.o [5]
  .text              ro code  0x08002aa6     0x4  low_level_init.o [3]
  .text              ro code  0x08002aaa     0x4  exit.o [3]
  .text              ro code  0x08002ab0     0xa  cexit.o [5]
  .text              ro code  0x08002abc    0x14  exit.o [6]
  .rodata            const    0x08002ad0    0x10  stm32f4xx_hal_rcc.o [1]
  .text              ro code  0x08002ae0    0x10  startup_stm32f407xx.o [1]
  .text              ro code  0x08002af0     0xc  cstartup_M.o [5]
  .text              ro code  0x08002afc     0x4  startup_stm32f407xx.o [1]
  .text              ro code  0x08002b00     0x4  startup_stm32f407xx.o [1]
  .text              ro code  0x08002b04     0x4  startup_stm32f407xx.o [1]
  .text              ro code  0x08002b08     0x4  startup_stm32f407xx.o [1]
  .text              ro code  0x08002b0c     0x4  startup_stm32f407xx.o [1]
  .text              ro code  0x08002b10     0x4  startup_stm32f407xx.o [1]
  .text              ro code  0x08002b14     0x4  startup_stm32f407xx.o [1]
  .text              ro code  0x08002b18     0x4  startup_stm32f407xx.o [1]
  .text              ro code  0x08002b1c     0x4  startup_stm32f407xx.o [1]
  .text              ro code  0x08002b20     0x4  startup_stm32f407xx.o [1]
  .text              ro code  0x08002b24     0x4  startup_stm32f407xx.o [1]
  .text              ro code  0x08002b28     0x4  startup_stm32f407xx.o [1]
  .text              ro code  0x08002b2c     0x4  startup_stm32f407xx.o [1]
  .text              ro code  0x08002b30     0x4  startup_stm32f407xx.o [1]
  .text              ro code  0x08002b34     0x4  startup_stm32f407xx.o [1]
  .text              ro code  0x08002b38     0x4  startup_stm32f407xx.o [1]
  .text              ro code  0x08002b3c     0x4  startup_stm32f407xx.o [1]
  .text              ro code  0x08002b40     0x4  startup_stm32f407xx.o [1]
  .text              ro code  0x08002b44     0x4  startup_stm32f407xx.o [1]
  .text              ro code  0x08002b48     0x4  startup_stm32f407xx.o [1]
  .text              ro code  0x08002b4c     0x4  startup_stm32f407xx.o [1]
  .text              ro code  0x08002b50     0x4  startup_stm32f407xx.o [1]
  .text              ro code  0x08002b54     0x4  startup_stm32f407xx.o [1]
  .text              ro code  0x08002b58     0x4  startup_stm32f407xx.o [1]
  .text              ro code  0x08002b5c     0x4  startup_stm32f407xx.o [1]
  .text              ro code  0x08002b60     0x4  startup_stm32f407xx.o [1]
  .text              ro code  0x08002b64     0x4  startup_stm32f407xx.o [1]
  .text              ro code  0x08002b68     0x4  startup_stm32f407xx.o [1]
  .text              ro code  0x08002b6c     0x4  startup_stm32f407xx.o [1]
  .text              ro code  0x08002b70     0x4  startup_stm32f407xx.o [1]
  .text              ro code  0x08002b74     0x4  startup_stm32f407xx.o [1]
  .text              ro code  0x08002b78     0x4  startup_stm32f407xx.o [1]
  .text              ro code  0x08002b7c     0x4  startup_stm32f407xx.o [1]
  .text              ro code  0x08002b80     0x4  startup_stm32f407xx.o [1]
  .text              ro code  0x08002b84     0x4  startup_stm32f407xx.o [1]
  .text              ro code  0x08002b88     0x4  startup_stm32f407xx.o [1]
  .text              ro code  0x08002b8c     0x4  startup_stm32f407xx.o [1]
  .text              ro code  0x08002b90     0x4  startup_stm32f407xx.o [1]
  .text              ro code  0x08002b94     0x4  startup_stm32f407xx.o [1]
  .text              ro code  0x08002b98     0x4  startup_stm32f407xx.o [1]
  .text              ro code  0x08002b9c     0x4  startup_stm32f407xx.o [1]
  .text              ro code  0x08002ba0     0x4  startup_stm32f407xx.o [1]
  .text              ro code  0x08002ba4     0x4  startup_stm32f407xx.o [1]
  .text              ro code  0x08002ba8     0x4  startup_stm32f407xx.o [1]
  .text              ro code  0x08002bac     0x4  startup_stm32f407xx.o [1]
  .text              ro code  0x08002bb0     0x4  startup_stm32f407xx.o [1]
  .text              ro code  0x08002bb4     0x4  startup_stm32f407xx.o [1]
  .text              ro code  0x08002bb8     0x4  startup_stm32f407xx.o [1]
  .text              ro code  0x08002bbc     0x4  startup_stm32f407xx.o [1]
  .text              ro code  0x08002bc0     0x4  startup_stm32f407xx.o [1]
  .text              ro code  0x08002bc4     0x4  startup_stm32f407xx.o [1]
  .text              ro code  0x08002bc8     0x4  startup_stm32f407xx.o [1]
  .text              ro code  0x08002bcc     0x4  startup_stm32f407xx.o [1]
  .text              ro code  0x08002bd0     0x4  startup_stm32f407xx.o [1]
  .text              ro code  0x08002bd4     0x4  startup_stm32f407xx.o [1]
  .text              ro code  0x08002bd8     0x4  startup_stm32f407xx.o [1]
  .text              ro code  0x08002bdc     0x4  startup_stm32f407xx.o [1]
  .text              ro code  0x08002be0     0x4  startup_stm32f407xx.o [1]
  .text              ro code  0x08002be4     0x4  startup_stm32f407xx.o [1]
  .text              ro code  0x08002be8     0x4  startup_stm32f407xx.o [1]
  .text              ro code  0x08002bec     0x4  startup_stm32f407xx.o [1]
  .text              ro code  0x08002bf0     0x4  startup_stm32f407xx.o [1]
  .text              ro code  0x08002bf4     0x4  startup_stm32f407xx.o [1]
  .text              ro code  0x08002bf8     0x4  startup_stm32f407xx.o [1]
  .text              ro code  0x08002bfc     0x4  startup_stm32f407xx.o [1]
  .text              ro code  0x08002c00     0x4  startup_stm32f407xx.o [1]
  .text              ro code  0x08002c04     0x4  startup_stm32f407xx.o [1]
  .text              ro code  0x08002c08     0x4  startup_stm32f407xx.o [1]
  .text              ro code  0x08002c0c     0x4  startup_stm32f407xx.o [1]
  .text              ro code  0x08002c10     0x4  startup_stm32f407xx.o [1]
  .text              ro code  0x08002c14     0x4  startup_stm32f407xx.o [1]
  .text              ro code  0x08002c18     0x4  startup_stm32f407xx.o [1]
  .text              ro code  0x08002c1c     0x4  startup_stm32f407xx.o [1]
  .text              ro code  0x08002c20     0x4  startup_stm32f407xx.o [1]
  .text              ro code  0x08002c24     0x4  startup_stm32f407xx.o [1]
  .text              ro code  0x08002c28     0x4  startup_stm32f407xx.o [1]
  .text              ro code  0x08002c2c     0x4  startup_stm32f407xx.o [1]
  .text              ro code  0x08002c30     0x4  startup_stm32f407xx.o [1]
  .text              ro code  0x08002c34     0x4  startup_stm32f407xx.o [1]
  .text              ro code  0x08002c38     0x4  startup_stm32f407xx.o [1]
  .text              ro code  0x08002c3c     0x4  startup_stm32f407xx.o [1]
  .text              ro code  0x08002c40     0x4  startup_stm32f407xx.o [1]
  .text              ro code  0x08002c44     0x4  startup_stm32f407xx.o [1]
  .text              ro code  0x08002c48     0x4  startup_stm32f407xx.o [1]
  .text              ro code  0x08002c4c     0x4  startup_stm32f407xx.o [1]
  .rodata            const    0x08002c50     0x0  zero_init3.o [5]
  .rodata            const    0x08002c50     0x0  copy_init3.o [5]
  Initializer bytes  ro data  0x08002c50    0x20  <for P2 s0>
                            - 0x08002c70  0x2ae8

"P2", part 1 of 3:                          0x20
  P2 s0                       0x20000000    0x20  <Init block>
    .data            inited   0x20000000    0x18  main.o [1]
    .data            inited   0x20000018     0x4  main.o [1]
    .data            inited   0x2000001c     0x4  system_stm32f4xx.o [1]
                            - 0x20000020    0x20

"P2", part 2 of 3:                         0x1a0
  .bss               zero     0x20000020    0x60  main.o [1]
  .bss               zero     0x20000080    0x58  main.o [1]
  .bss               zero     0x200000d8    0x58  main.o [1]
  .bss               zero     0x20000130    0x3c  main.o [1]
  .bss               zero     0x2000016c    0x3c  main.o [1]
  .bss               zero     0x200001a8     0x4  main.o [1]
  .bss               zero     0x200001ac     0x4  main.o [1]
  .bss               zero     0x200001b0     0x4  main.o [1]
  .bss               zero     0x200001b4     0x4  stm32f4xx_hal.o [1]
  .bss               zero     0x200001b8     0x2  main.o [1]
  .bss               zero     0x200001ba     0x2  main.o [1]
  .bss               zero     0x200001bc     0x1  main.o [1]
  .bss               zero     0x200001bd     0x1  main.o [1]
  .bss               zero     0x200001be     0x1  main.o [1]
                            - 0x200001bf   0x19f

"P2", part 3 of 3:                        0x2000
  CSTACK                      0x200001c0  0x2000  <Block>
    CSTACK           uninit   0x200001c0  0x2000  <Block tail>
                            - 0x200021c0  0x2000


*******************************************************************************
*** INIT TABLE
***

          Address     Size
          -------     ----
Zero (__iar_zero_init3)
    1 destination range, total size 0x19f:
          0x20000020  0x19f

Copy (__iar_copy_init3)
    1 source range, total size 0x20:
          0x08002c50   0x20
    1 destination range, total size 0x20:
          0x20000000   0x20



*******************************************************************************
*** MODULE SUMMARY
***

    Module                  ro code  ro data  rw data
    ------                  -------  -------  -------
D:\REPOSITORY\GIT\mysniperlocator\Led_locator\Led_indicator\EWARM\Led_indicator Configuration\Obj: [1]
    main.o                    2 092       28      439
    startup_stm32f407xx.o       748
    stm32f4xx_hal.o             148                 4
    stm32f4xx_hal_cortex.o      326
    stm32f4xx_hal_gpio.o        612
    stm32f4xx_hal_msp.o         380
    stm32f4xx_hal_rcc.o       1 824       16
    stm32f4xx_hal_sd.o        2 532
    stm32f4xx_hal_spi.o       1 102
    stm32f4xx_hal_tim.o         744
    stm32f4xx_hal_tim_ex.o       94
    stm32f4xx_it.o               64
    stm32f4xx_ll_sdmmc.o        144
    system_stm32f4xx.o          108        4        4
    -------------------------------------------------
    Total:                   10 918       48      447

command line: [2]
    -------------------------------------------------
    Total:

dl7M_tlf.a: [3]
    exit.o                        4
    low_level_init.o              4
    -------------------------------------------------
    Total:                        8

m7M_tlv.a: [4]
    fpinit_M.o                   34
    -------------------------------------------------
    Total:                       34

rt7M_tl.a: [5]
    ABImemcpy.o                 134
    cexit.o                      10
    cmain.o                      26
    copy_init3.o                 44
    cstartup_M.o                 12
    data_init.o                  40
    zero_init3.o                 34
    -------------------------------------------------
    Total:                      300

shb_l.a: [6]
    exit.o                       20
    -------------------------------------------------
    Total:                       20

    Gaps                         10        2
    Linker created                        36    8 192
-----------------------------------------------------
    Grand Total:             11 290       86    8 639


*******************************************************************************
*** ENTRY LIST
***

Entry                      Address   Size  Type      Object
-----                      -------   ----  ----      ------
?main                   0x08002a8d         Code  Gb  cmain.o [5]
ADC_IRQHandler          0x08002b61         Code  Wk  startup_stm32f407xx.o [1]
APBAHBPrescTable        0x08002ad0   0x10  Data  Gb  stm32f4xx_hal_rcc.o [1]
BusFault_Handler        0x08002b09         Code  Wk  startup_stm32f407xx.o [1]
CAN1_RX0_IRQHandler     0x08002b69         Code  Wk  startup_stm32f407xx.o [1]
CAN1_RX1_IRQHandler     0x08002b6d         Code  Wk  startup_stm32f407xx.o [1]
CAN1_SCE_IRQHandler     0x08002b71         Code  Wk  startup_stm32f407xx.o [1]
CAN1_TX_IRQHandler      0x08002b65         Code  Wk  startup_stm32f407xx.o [1]
CAN2_RX0_IRQHandler     0x08002c0d         Code  Wk  startup_stm32f407xx.o [1]
CAN2_RX1_IRQHandler     0x08002c11         Code  Wk  startup_stm32f407xx.o [1]
CAN2_SCE_IRQHandler     0x08002c15         Code  Wk  startup_stm32f407xx.o [1]
CAN2_TX_IRQHandler      0x08002c09         Code  Wk  startup_stm32f407xx.o [1]
CSTACK$$Base            0x200001c0          --   Gb  - Linker created -
CSTACK$$Limit           0x200021c0          --   Gb  - Linker created -
DCMI_IRQHandler         0x08002c45         Code  Wk  startup_stm32f407xx.o [1]
DMA1_Stream0_IRQHandler
                        0x08002b45         Code  Wk  startup_stm32f407xx.o [1]
DMA1_Stream1_IRQHandler
                        0x08002b49         Code  Wk  startup_stm32f407xx.o [1]
DMA1_Stream2_IRQHandler
                        0x08002b4d         Code  Wk  startup_stm32f407xx.o [1]
DMA1_Stream3_IRQHandler
                        0x08002b51         Code  Wk  startup_stm32f407xx.o [1]
DMA1_Stream4_IRQHandler
                        0x08002b55         Code  Wk  startup_stm32f407xx.o [1]
DMA1_Stream5_IRQHandler
                        0x08002b59         Code  Wk  startup_stm32f407xx.o [1]
DMA1_Stream6_IRQHandler
                        0x08002b5d         Code  Wk  startup_stm32f407xx.o [1]
DMA1_Stream7_IRQHandler
                        0x08002bd5         Code  Wk  startup_stm32f407xx.o [1]
DMA2_Stream0_IRQHandler
                        0x08002bed         Code  Wk  startup_stm32f407xx.o [1]
DMA2_Stream1_IRQHandler
                        0x08002bf1         Code  Wk  startup_stm32f407xx.o [1]
DMA2_Stream2_IRQHandler
                        0x08002bf5         Code  Wk  startup_stm32f407xx.o [1]
DMA2_Stream3_IRQHandler
                        0x08002bf9         Code  Wk  startup_stm32f407xx.o [1]
DMA2_Stream4_IRQHandler
                        0x08002bfd         Code  Wk  startup_stm32f407xx.o [1]
DMA2_Stream5_IRQHandler
                        0x08002c1d         Code  Wk  startup_stm32f407xx.o [1]
DMA2_Stream6_IRQHandler
                        0x08002c21         Code  Wk  startup_stm32f407xx.o [1]
DMA2_Stream7_IRQHandler
                        0x08002c25         Code  Wk  startup_stm32f407xx.o [1]
DebugMon_Handler        0x08002b15         Code  Wk  startup_stm32f407xx.o [1]
ETH_IRQHandler          0x08002c01         Code  Wk  startup_stm32f407xx.o [1]
ETH_WKUP_IRQHandler     0x08002c05         Code  Wk  startup_stm32f407xx.o [1]
EXTI0_IRQHandler        0x080029d1    0xa  Code  Gb  stm32f4xx_it.o [1]
EXTI15_10_IRQHandler    0x08002bb9         Code  Wk  startup_stm32f407xx.o [1]
EXTI1_IRQHandler        0x08002b35         Code  Wk  startup_stm32f407xx.o [1]
EXTI2_IRQHandler        0x08002b39         Code  Wk  startup_stm32f407xx.o [1]
EXTI3_IRQHandler        0x08002b3d         Code  Wk  startup_stm32f407xx.o [1]
EXTI4_IRQHandler        0x08002b41         Code  Wk  startup_stm32f407xx.o [1]
EXTI9_5_IRQHandler      0x08002b75         Code  Wk  startup_stm32f407xx.o [1]
FLASH_IRQHandler        0x08002b2d         Code  Wk  startup_stm32f407xx.o [1]
FPU_IRQHandler          0x08002c4d         Code  Wk  startup_stm32f407xx.o [1]
FSMC_IRQHandler         0x08002bd9         Code  Wk  startup_stm32f407xx.o [1]
HAL_Delay               0x08000e91   0x1a  Code  Wk  stm32f4xx_hal.o [1]
HAL_GPIO_EXTI_Callback  0x08002125   0x10  Code  Gb  main.o [1]
HAL_GPIO_EXTI_IRQHandler
                        0x08001203   0x1e  Code  Gb  stm32f4xx_hal_gpio.o [1]
HAL_GPIO_Init           0x08000ffd  0x1f2  Code  Gb  stm32f4xx_hal_gpio.o [1]
HAL_GPIO_WritePin       0x080011ef   0x14  Code  Gb  stm32f4xx_hal_gpio.o [1]
HAL_GetTick             0x08000e8b    0x6  Code  Wk  stm32f4xx_hal.o [1]
HAL_IncTick             0x08000e7f    0xc  Code  Wk  stm32f4xx_hal.o [1]
HAL_Init                0x08000e21   0x3a  Code  Gb  stm32f4xx_hal.o [1]
HAL_InitTick            0x08000e5b   0x24  Code  Wk  stm32f4xx_hal.o [1]
HAL_MspInit             0x08000b6d   0x16  Code  Gb  stm32f4xx_hal_msp.o [1]
HAL_NVIC_EnableIRQ      0x08000fb7    0xe  Code  Gb  stm32f4xx_hal_cortex.o [1]
HAL_NVIC_SetPriority    0x08000f91   0x26  Code  Gb  stm32f4xx_hal_cortex.o [1]
HAL_NVIC_SetPriorityGrouping
                        0x08000f85    0xc  Code  Gb  stm32f4xx_hal_cortex.o [1]
HAL_RCC_ClockConfig     0x080015eb  0x284  Code  Gb  stm32f4xx_hal_rcc.o [1]
HAL_RCC_GetHCLKFreq     0x08001913   0x28  Code  Gb  stm32f4xx_hal_rcc.o [1]
HAL_RCC_GetSysClockFreq
                        0x0800186f   0xa4  Code  Wk  stm32f4xx_hal_rcc.o [1]
HAL_RCC_OscConfig       0x08001261  0x38a  Code  Wk  stm32f4xx_hal_rcc.o [1]
HAL_SD_Get_CardInfo     0x0800023f  0x360  Code  Gb  stm32f4xx_hal_sd.o [1]
HAL_SD_Init             0x08000189   0xb6  Code  Gb  stm32f4xx_hal_sd.o [1]
HAL_SD_MspInit          0x08000b83   0x64  Code  Gb  stm32f4xx_hal_msp.o [1]
HAL_SPI_ErrorCallback   0x08002507    0x2  Code  Wk  stm32f4xx_hal_spi.o [1]
HAL_SPI_IRQHandler      0x08002401  0x106  Code  Gb  stm32f4xx_hal_spi.o [1]
HAL_SPI_Init            0x080021ad   0x8c  Code  Gb  stm32f4xx_hal_spi.o [1]
HAL_SPI_MspInit         0x08000be7   0x74  Code  Gb  stm32f4xx_hal_msp.o [1]
HAL_SPI_Transmit        0x08002239  0x1c8  Code  Gb  stm32f4xx_hal_spi.o [1]
HAL_SYSTICK_Callback    0x08000ff9    0x2  Code  Wk  stm32f4xx_hal_cortex.o [1]
HAL_SYSTICK_Config      0x08000fc5    0xc  Code  Gb  stm32f4xx_hal_cortex.o [1]
HAL_SYSTICK_IRQHandler  0x08000ff1    0x8  Code  Gb  stm32f4xx_hal_cortex.o [1]
HAL_TIMEx_BreakCallback
                        0x08002941    0x2  Code  Wk  stm32f4xx_hal_tim_ex.o [1]
HAL_TIMEx_CommutationCallback
                        0x0800293f    0x2  Code  Wk  stm32f4xx_hal_tim_ex.o [1]
HAL_TIMEx_MasterConfigSynchronization
                        0x080028e5   0x5a  Code  Gb  stm32f4xx_hal_tim_ex.o [1]
HAL_TIM_Base_Init       0x080025fd   0x38  Code  Gb  stm32f4xx_hal_tim.o [1]
HAL_TIM_Base_MspInit    0x08000c5b   0x68  Code  Gb  stm32f4xx_hal_msp.o [1]
HAL_TIM_Base_Start_IT   0x08002635   0x1e  Code  Gb  stm32f4xx_hal_tim.o [1]
HAL_TIM_IC_CaptureCallback
                        0x080027cb    0x2  Code  Wk  stm32f4xx_hal_tim.o [1]
HAL_TIM_IRQHandler      0x08002653  0x176  Code  Gb  stm32f4xx_hal_tim.o [1]
HAL_TIM_OC_DelayElapsedCallback
                        0x080027c9    0x2  Code  Wk  stm32f4xx_hal_tim.o [1]
HAL_TIM_PWM_PulseFinishedCallback
                        0x080027cd    0x2  Code  Wk  stm32f4xx_hal_tim.o [1]
HAL_TIM_PeriodElapsedCallback
                        0x08002073   0xb2  Code  Gb  main.o [1]
HAL_TIM_TriggerCallback
                        0x080027cf    0x2  Code  Wk  stm32f4xx_hal_tim.o [1]
HASH_RNG_IRQHandler     0x08002c49         Code  Wk  startup_stm32f407xx.o [1]
HardFault_Handler       0x08002b01         Code  Wk  startup_stm32f407xx.o [1]
I2C1_ER_IRQHandler      0x08002b99         Code  Wk  startup_stm32f407xx.o [1]
I2C1_EV_IRQHandler      0x08002b95         Code  Wk  startup_stm32f407xx.o [1]
I2C2_ER_IRQHandler      0x08002ba1         Code  Wk  startup_stm32f407xx.o [1]
I2C2_EV_IRQHandler      0x08002b9d         Code  Wk  startup_stm32f407xx.o [1]
I2C3_ER_IRQHandler      0x08002c31         Code  Wk  startup_stm32f407xx.o [1]
I2C3_EV_IRQHandler      0x08002c2d         Code  Wk  startup_stm32f407xx.o [1]
MX_GPIO_Init            0x08001e11  0x262  Code  Lc  main.o [1]
MX_SDIO_SD_Init         0x08001cd3   0x4a  Code  Lc  main.o [1]
MX_SPI3_Init            0x08001d1d   0x6a  Code  Lc  main.o [1]
MX_TIM6_Init            0x08001d87   0x44  Code  Lc  main.o [1]
MX_TIM7_Init            0x08001dcb   0x46  Code  Lc  main.o [1]
MemManage_Handler       0x08002b05         Code  Wk  startup_stm32f407xx.o [1]
NMI_Handler             0x08002afd         Code  Wk  startup_stm32f407xx.o [1]
NVIC_EnableIRQ          0x08000edd   0x18  Code  Lc  stm32f4xx_hal_cortex.o [1]
NVIC_EncodePriority     0x08000f17   0x3e  Code  Lc  stm32f4xx_hal_cortex.o [1]
NVIC_GetPriorityGrouping
                        0x08000ed3    0xa  Code  Lc  stm32f4xx_hal_cortex.o [1]
NVIC_SetPriority        0x08000ef5   0x22  Code  Lc  stm32f4xx_hal_cortex.o [1]
NVIC_SetPriorityGrouping
                        0x08000eb5   0x1e  Code  Lc  stm32f4xx_hal_cortex.o [1]
OTG_FS_IRQHandler       0x08002c19         Code  Wk  startup_stm32f407xx.o [1]
OTG_FS_WKUP_IRQHandler  0x08002bc1         Code  Wk  startup_stm32f407xx.o [1]
OTG_HS_EP1_IN_IRQHandler
                        0x08002c39         Code  Wk  startup_stm32f407xx.o [1]
OTG_HS_EP1_OUT_IRQHandler
                        0x08002c35         Code  Wk  startup_stm32f407xx.o [1]
OTG_HS_IRQHandler       0x08002c41         Code  Wk  startup_stm32f407xx.o [1]
OTG_HS_WKUP_IRQHandler  0x08002c3d         Code  Wk  startup_stm32f407xx.o [1]
PVD_IRQHandler          0x08002b21         Code  Wk  startup_stm32f407xx.o [1]
PendSV_Handler          0x08002b19         Code  Wk  startup_stm32f407xx.o [1]
RCC_IRQHandler          0x08002b31         Code  Wk  startup_stm32f407xx.o [1]
RTC_Alarm_IRQHandler    0x08002bbd         Code  Wk  startup_stm32f407xx.o [1]
RTC_WKUP_IRQHandler     0x08002b29         Code  Wk  startup_stm32f407xx.o [1]
Region$$Table$$Base     0x08002a68          --   Gb  - Linker created -
Region$$Table$$Limit    0x08002a8c          --   Gb  - Linker created -
Reset_Handler           0x08002ae1         Code  Wk  startup_stm32f407xx.o [1]
SDCardInfo              0x20000080   0x58  Data  Gb  main.o [1]
SDIO_GetCommandResponse
                        0x08000dfb    0x6  Code  Gb  stm32f4xx_ll_sdmmc.o [1]
SDIO_GetPowerState      0x08000dc9    0x8  Code  Gb  stm32f4xx_ll_sdmmc.o [1]
SDIO_GetResponse        0x08000e01   0x16  Code  Gb  stm32f4xx_ll_sdmmc.o [1]
SDIO_IRQHandler         0x08002bdd         Code  Wk  startup_stm32f407xx.o [1]
SDIO_Init               0x08000d91   0x2e  Code  Gb  stm32f4xx_ll_sdmmc.o [1]
SDIO_PowerState_ON      0x08000dbf    0xa  Code  Gb  stm32f4xx_ll_sdmmc.o [1]
SDIO_SendCommand        0x08000dd1   0x2a  Code  Gb  stm32f4xx_ll_sdmmc.o [1]
SD_CmdError             0x08000869   0x4e  Code  Lc  stm32f4xx_hal_sd.o [1]
SD_CmdResp1Error        0x08000931  0x114  Code  Lc  stm32f4xx_hal_sd.o [1]
SD_CmdResp2Error        0x08000a75   0x46  Code  Lc  stm32f4xx_hal_sd.o [1]
SD_CmdResp3Error        0x08000a45   0x30  Code  Lc  stm32f4xx_hal_sd.o [1]
SD_CmdResp6Error        0x08000abb   0xa4  Code  Lc  stm32f4xx_hal_sd.o [1]
SD_CmdResp7Error        0x080008b7   0x7a  Code  Lc  stm32f4xx_hal_sd.o [1]
SD_Initialize_Cards     0x0800059f  0x118  Code  Lc  stm32f4xx_hal_sd.o [1]
SD_PowerON              0x080006f1  0x176  Code  Lc  stm32f4xx_hal_sd.o [1]
SD_Select_Deselect      0x080006b7   0x3a  Code  Lc  stm32f4xx_hal_sd.o [1]
SPI1_IRQHandler         0x08002ba5         Code  Wk  startup_stm32f407xx.o [1]
SPI2_IRQHandler         0x08002ba9         Code  Wk  startup_stm32f407xx.o [1]
SPI3_IRQHandler         0x080029db    0xa  Code  Gb  stm32f4xx_it.o [1]
SPI_WaitOnFlagUntilTimeout
                        0x08002509   0xf2  Code  Lc  stm32f4xx_hal_spi.o [1]
SVC_Handler             0x08002b11         Code  Wk  startup_stm32f407xx.o [1]
SysTick_Config          0x08000f55   0x30  Code  Lc  stm32f4xx_hal_cortex.o [1]
SysTick_Handler         0x080029b1    0xc  Code  Gb  stm32f4xx_it.o [1]
SystemClock_Config      0x08001c45   0x8e  Code  Gb  main.o [1]
SystemCoreClock         0x2000001c    0x4  Data  Gb  system_stm32f4xx.o [1]
SystemInit              0x08002945   0x4c  Code  Gb  system_stm32f4xx.o [1]
TAMP_STAMP_IRQHandler   0x08002b25         Code  Wk  startup_stm32f407xx.o [1]
TIM1_BRK_TIM9_IRQHandler
                        0x08002b79         Code  Wk  startup_stm32f407xx.o [1]
TIM1_CC_IRQHandler      0x08002b85         Code  Wk  startup_stm32f407xx.o [1]
TIM1_TRG_COM_TIM11_IRQHandler
                        0x08002b81         Code  Wk  startup_stm32f407xx.o [1]
TIM1_UP_TIM10_IRQHandler
                        0x08002b7d         Code  Wk  startup_stm32f407xx.o [1]
TIM2_IRQHandler         0x08002b89         Code  Wk  startup_stm32f407xx.o [1]
TIM3_IRQHandler         0x08002b8d         Code  Wk  startup_stm32f407xx.o [1]
TIM4_IRQHandler         0x08002b91         Code  Wk  startup_stm32f407xx.o [1]
TIM5_IRQHandler         0x08002be1         Code  Wk  startup_stm32f407xx.o [1]
TIM6_DAC_IRQHandler     0x080029c7    0xa  Code  Gb  stm32f4xx_it.o [1]
TIM7_IRQHandler         0x080029bd    0xa  Code  Gb  stm32f4xx_it.o [1]
TIM8_BRK_TIM12_IRQHandler
                        0x08002bc5         Code  Wk  startup_stm32f407xx.o [1]
TIM8_CC_IRQHandler      0x08002bd1         Code  Wk  startup_stm32f407xx.o [1]
TIM8_TRG_COM_TIM14_IRQHandler
                        0x08002bcd         Code  Wk  startup_stm32f407xx.o [1]
TIM8_UP_TIM13_IRQHandler
                        0x08002bc9         Code  Wk  startup_stm32f407xx.o [1]
TIM_Base_SetConfig      0x080027d1   0xe6  Code  Gb  stm32f4xx_hal_tim.o [1]
UART4_IRQHandler        0x08002be5         Code  Wk  startup_stm32f407xx.o [1]
UART5_IRQHandler        0x08002be9         Code  Wk  startup_stm32f407xx.o [1]
USART1_IRQHandler       0x08002bad         Code  Wk  startup_stm32f407xx.o [1]
USART2_IRQHandler       0x08002bb1         Code  Wk  startup_stm32f407xx.o [1]
USART3_IRQHandler       0x08002bb5         Code  Wk  startup_stm32f407xx.o [1]
USART6_IRQHandler       0x08002c29         Code  Wk  startup_stm32f407xx.o [1]
UsageFault_Handler      0x08002b0d         Code  Wk  startup_stm32f407xx.o [1]
WWDG_IRQHandler         0x08002b1d         Code  Wk  startup_stm32f407xx.o [1]
__aeabi_memcpy4         0x08000ce9         Code  Gb  ABImemcpy.o [5]
__aeabi_memcpy8         0x08000ce9         Code  Gb  ABImemcpy.o [5]
__cmain                 0x08002a8d         Code  Gb  cmain.o [5]
__exit                  0x08002abd   0x14  Code  Gb  exit.o [6]
__iar_copy_init3        0x080029f1   0x2c  Code  Gb  copy_init3.o [5]
__iar_data_init3        0x08002a1d   0x28  Code  Gb  data_init.o [5]
__iar_init_vfp          0x08002a45         Code  Gb  fpinit_M.o [4]
__iar_program_start     0x08002af1         Code  Gb  cstartup_M.o [5]
__iar_zero_init3        0x08000d6f   0x22  Code  Gb  zero_init3.o [5]
__low_level_init        0x08002aa7    0x4  Code  Gb  low_level_init.o [3]
__vector_table          0x08000000         Data  Gb  startup_stm32f407xx.o [1]
_call_main              0x08002a99         Code  Gb  cmain.o [5]
_exit                   0x08002ab1         Code  Gb  cexit.o [5]
_main                   0x08002aa3         Code  Gb  cmain.o [5]
angle                   0x200001b8    0x2  Data  Gb  main.o [1]
angle_to_indicator      0x08001ad9  0x122  Code  Gb  main.o [1]
digits                  0x20000000   0x18  Data  Gb  main.o [1]
digits_k                0x20000018    0x4  Data  Gb  main.o [1]
exit                    0x08002aab    0x4  Code  Gb  exit.o [3]
flag_zerro              0x200001b0    0x4  Data  Gb  main.o [1]
hour                    0x200001bc    0x1  Data  Gb  main.o [1]
hour_to_led             0x08001a89   0x50  Code  Gb  main.o [1]
hsd                     0x20000020   0x60  Data  Gb  main.o [1]
hspi3                   0x200000d8   0x58  Data  Gb  main.o [1]
htim6                   0x20000130   0x3c  Data  Gb  main.o [1]
htim7                   0x2000016c   0x3c  Data  Gb  main.o [1]
main                    0x08001bfb   0x4a  Code  Gb  main.o [1]
make_digits             0x08001a6b   0x1e  Code  Gb  main.o [1]
make_digits_reset       0x08001a4d   0x1e  Code  Gb  main.o [1]
old_angle               0x200001ba    0x2  Data  Gb  main.o [1]
pData                   0x200001a8    0x4  Data  Gb  main.o [1]
pow_digit               0x080019a3   0x16  Code  Gb  main.o [1]
reset                   0x200001be    0x1  Data  Gb  main.o [1]
reset_led               0x08001981   0x22  Code  Gb  main.o [1]
send_Data               0x08001a09   0x44  Code  Gb  main.o [1]
shift                   0x200001bd    0x1  Data  Gb  main.o [1]
shift_katode            0x080019b9   0x50  Code  Gb  main.o [1]
tim                     0x200001ac    0x4  Data  Gb  main.o [1]
uwTick                  0x200001b4    0x4  Data  Lc  stm32f4xx_hal.o [1]


[1] = D:\REPOSITORY\GIT\mysniperlocator\Led_locator\Led_indicator\EWARM\Led_indicator Configuration\Obj
[2] = command line
[3] = dl7M_tlf.a
[4] = m7M_tlv.a
[5] = rt7M_tl.a
[6] = shb_l.a

  11 290 bytes of readonly  code memory
      86 bytes of readonly  data memory
   8 639 bytes of readwrite data memory

Errors: none
Warnings: none
